// Jest Snapshot v1, https://goo.gl/fbAQLP

exports[`AppointmentForm component matches snapshot 1`] = `
<DocumentFragment>
  <div
    class="w-[85vw] md:max-w-lg"
  >
    <h2
      class="h3 mb-8"
    >
      Create Meeting
    </h2>
    <div
      class="gap- flex flex-col gap-6"
    >
      <div
        class="flex flex-col"
      >
        <label
          class="mb-2 font-bold"
          for="meeting-title"
        >
          Title
        </label>
        <div
          class="custom-input group flex flex-col gap-1"
        >
          <div
            class="relative flex flex-col"
          >
            <input
              class="rounded-sm border-none bg-surface-50 px-4 text-neutral-600 outline-none ring-1 ring-surface-400 placeholder:text-neutral-100 focus:placeholder:text-primary-100 disabled:bg-neutral-30 disabled:text-neutral-100 dark:bg-surface-200 dark:disabled:bg-surface-400  ring-neutral-50 focus:ring-primary-500 dark:focus:ring-primary-300"
              id="meeting-title"
              name="meeting-title"
              placeholder="Give your meeting a title"
            />
          </div>
        </div>
      </div>
      <div
        class="flex flex-col"
      >
        <label
          class="mb-2 font-bold"
          for="meeting-description"
        >
          Description 
          <span
            class="ml-0.5 text-danger-500"
          >
            *
          </span>
        </label>
        <textarea
          class="w-full resize-none rounded bg-surface-50 dark:bg-surface-200"
          id="meeting-description"
          name="meeting-description"
          placeholder="Add a description"
          rows="4"
        />
      </div>
      <div
        class="flex flex-col"
      >
        <label
          class="mb-2 font-bold"
          for="audio-message"
        >
          Audio message
        </label>
        <div
          class="flex flex-col gap-4"
          data-testid="audio-message-input"
          id="audio-message"
        >
          <div>
            Mocked Audio Recorder
          </div>
        </div>
      </div>
      <div
        class="flex flex-col"
      >
        <label
          class="mb-2 font-bold"
          for="duration"
        >
          Select Duration 
          <span
            class="ml-0.5 text-danger-500"
          >
            *
          </span>
        </label>
        <select
          class="rounded bg-surface-100"
          id="duration"
          name="duration"
        >
          <option
            value="30"
          >
            30 minutes
          </option>
          <option
            value="60"
          >
            1 hour
          </option>
          <option
            value="90"
          >
            1 hour 30 minutes
          </option>
          <option
            value="120"
          >
            2 hours
          </option>
          <option
            value="150"
          >
            2 hours 30 minutes
          </option>
          <option
            value="180"
          >
            3 hours
          </option>
        </select>
      </div>
      <div
        class="flex flex-col"
      >
        <label
          class="mb-2 font-bold"
          for="guest-select"
        >
          Select Guest 
          <span
            class="ml-0.5 text-danger-500"
          >
            *
          </span>
        </label>
        <div
          class="custom-react-select-container css-b62m3t-container"
        >
          <span
            class="css-1f43avz-a11yText-A11yText"
            id="react-select-4-live-region"
          />
          <span
            aria-atomic="false"
            aria-live="polite"
            aria-relevant="additions text"
            class="css-1f43avz-a11yText-A11yText"
            role="log"
          />
          <div
            class="custom-react-select__control css-1nlvh3a-control"
          >
            <div
              class="custom-react-select__value-container custom-react-select__value-container--has-value css-hlgwow"
            >
              <div
                class="custom-react-select__single-value css-1dimb5e-singleValue"
              />
              <div
                class="custom-react-select__input-container css-19bb58m"
                data-value=""
              >
                <input
                  aria-activedescendant=""
                  aria-autocomplete="list"
                  aria-expanded="false"
                  aria-haspopup="true"
                  aria-label="Select Guest"
                  autocapitalize="none"
                  autocomplete="off"
                  autocorrect="off"
                  class="custom-react-select__input"
                  id="react-select-4-input"
                  role="combobox"
                  spellcheck="false"
                  style="opacity: 1; width: 100%; grid-area: 1 / 2; min-width: 2px; border: 0px; margin: 0px; outline: 0; padding: 0px;"
                  tabindex="0"
                  type="text"
                  value=""
                />
              </div>
            </div>
            <div
              class="custom-react-select__indicators css-1wy0on6"
            >
              <div
                aria-hidden="true"
                class="custom-react-select__indicator custom-react-select__loading-indicator css-pogzpp-loadingIndicator"
              >
                <span
                  class="css-1h1juvu-LoadingDot"
                />
                <span
                  class="css-1swgd6a-LoadingDot"
                />
                <span
                  class="css-41hts2-LoadingDot"
                />
              </div>
              <span
                class="custom-react-select__indicator-separator css-1u9des2-indicatorSeparator"
              />
              <div
                aria-hidden="true"
                class="custom-react-select__indicator custom-react-select__dropdown-indicator css-1xc3v61-indicatorContainer"
              >
                <svg
                  aria-hidden="true"
                  class="css-tj5bde-Svg"
                  focusable="false"
                  height="20"
                  viewBox="0 0 20 20"
                  width="20"
                >
                  <path
                    d="M4.516 7.548c0.436-0.446 1.043-0.481 1.576 0l3.908 3.747 3.908-3.747c0.533-0.481 1.141-0.446 1.574 0 0.436 0.445 0.408 1.197 0 1.615-0.406 0.418-4.695 4.502-4.695 4.502-0.217 0.223-0.502 0.335-0.787 0.335s-0.57-0.112-0.789-0.335c0 0-4.287-4.084-4.695-4.502s-0.436-1.17 0-1.615z"
                  />
                </svg>
              </div>
            </div>
          </div>
        </div>
      </div>
      <div
        class="flex flex-col gap-2"
      >
        <label
          class="font-bold"
          for="date"
        >
          Select Date and Time 
          <span
            class="ml-0.5 text-danger-500"
          >
            *
          </span>
        </label>
        <div
          class="react-datepicker-wrapper"
        >
          <div
            class="react-datepicker__input-container"
          >
            <input
              class="w-full rounded bg-surface-100"
              id="date"
              type="text"
              value="08/08/2024 06:30 AM"
            />
          </div>
        </div>
      </div>
      <div
        class="mt-4 flex justify-end gap-4"
      >
        <button
          class="relative select-none rounded bg-none border-2 focus:ring-4 disabled:active:transform-none disabled:cursor-not-allowed dark:hover:bg-neutral-20/50 transition-all duration-300 text-nowrap focus:outline-none font-medium active:scale-[.9] hover:bg-danger-50 focus:ring-danger-100 border-danger-500/80 text-danger-500  focus:ring-danger-100 dark:text-danger-200 dark:border-danger-200 disabled:text-danger-200 disabled:border-danger-100 disabled:hover:bg-transparent dark:disabled:bg-danger-50/20 dark:disabled:border-danger-50/10 dark:disabled:text-danger-100/60 h-[2.5rem] text-md px-4"
        >
          <div
            class="visible font-Rubik"
          >
            Cancel
          </div>
        </button>
        <button
          class="relative select-none rounded text-white focus:ring-4 disabled:active:transform-none active:scale-[.9] disabled:cursor-not-allowed transition-all duration-300 text-nowrap focus:outline-none font-medium bg-primary-500 disabled:text-primary-200 disabled:bg-primary-50 hover:bg-primary-600 focus:ring-primary-100 focus:outline-primary-200  h-[2.5rem] text-md px-4"
        >
          <div
            class="visible font-Rubik"
          >
            Send Invitation
          </div>
        </button>
      </div>
    </div>
  </div>
</DocumentFragment>
`;
