// Jest Snapshot v1, https://goo.gl/fbAQLP

exports[`AppointmentCard component matches snapshot 1`] = `
<div>
  <div
    class="relative flex h-full flex-col justify-between gap-4 rounded-lg border border-neutral-30 bg-surface-0 p-4 shadow-md dark:bg-surface-100"
  >
    <div
      class="absolute right-2 top-2"
    >
      <div
        class="select-none rounded-full border px-2 py-1 text-sm font-bold capitalize tracking-wide text-white transition-colors duration-200 border-success-500 bg-success-400"
      >
        approved
      </div>
    </div>
    <div
      class="grow"
    >
      <h2
        class="h3 mb-2"
      >
        Aug 8, 2024
      </h2>
      <p
        class="h5 mb-4 font-bold"
      >
        03:33 AM
         - 
        03:33 AM
      </p>
      <h3
        class="h6 mb-4"
      >
        Appointment Title
      </h3>
      <p
        class="mb-4 line-clamp-4 text-base text-neutral-400"
      >
        Appointment Description
      </p>
      <div
        class="mb-4"
      >
        <audio
          controls=""
          role="audio"
          src="audio.mp3"
        />
      </div>
    </div>
    <div>
      <p
        class="mb-4 text-xs text-neutral-700 md:text-sm"
      >
        Participants: Host Fullname, Guest Fullname
      </p>
      <div
        class="flex justify-between gap-4"
      >
        <button
          class="relative select-none rounded bg-none border-2 focus:ring-4 disabled:active:transform-none disabled:cursor-not-allowed dark:hover:bg-neutral-20/50 transition-all duration-300 text-nowrap focus:outline-none font-medium active:scale-[.9] hover:bg-danger-50 focus:ring-danger-100 border-danger-500/80 text-danger-500  focus:ring-danger-100 dark:text-danger-200 dark:border-danger-200 disabled:text-danger-200 disabled:border-danger-100 disabled:hover:bg-transparent dark:disabled:bg-danger-50/20 dark:disabled:border-danger-50/10 dark:disabled:text-danger-100/60 h-[2rem] text-sm px-4"
          disabled=""
        >
          <div
            class="visible font-Rubik"
          >
            Decline
          </div>
        </button>
        <button
          class="relative select-none rounded bg-none border-2 focus:ring-4 disabled:active:transform-none disabled:cursor-not-allowed dark:hover:bg-neutral-20/50 transition-all duration-300 text-nowrap focus:outline-none font-medium active:scale-[.9] hover:bg-success-50 focus:ring-success-100 border-success-500/80 text-success-500  focus:ring-success-100 dark:text-success-200 dark:border-success-200 disabled:text-success-200 disabled:border-success-100 disabled:hover:bg-transparent dark:disabled:bg-success-50/20 dark:disabled:border-success-50/10 dark:disabled:text-success-100/60 h-[2rem] text-sm px-4"
          disabled=""
        >
          <div
            class="visible font-Rubik"
          >
            Accepted
          </div>
        </button>
      </div>
    </div>
  </div>
</div>
`;
