// Jest Snapshot v1, https://goo.gl/fbAQLP

exports[`OutlinedButton component matches snapshot 1`] = `
<DocumentFragment>
  <button
    class="relative select-none rounded bg-none border-2 focus:ring-4 disabled:active:transform-none disabled:cursor-not-allowed dark:hover:bg-neutral-20/50 transition-all duration-300 text-nowrap focus:outline-none font-medium active:scale-[.9] hover:bg-primary-50 focus:ring-primary-100 border-primary-500/80 text-primary-500  focus:ring-primary-100 dark:text-primary-200 dark:border-primary-200 disabled:text-primary-200 disabled:border-primary-100 disabled:hover:bg-transparent dark:disabled:bg-primary-50/20 dark:disabled:border-primary-50/10 dark:disabled:text-primary-100/60 h-[2.5rem] text-md px-4"
  >
    <div
      class="visible font-Rubik"
    />
  </button>
</DocumentFragment>
`;
